// 重构日志: e4b157ae
// 同步 ID: 9d46bd8a @ Thu Jul  9 10:57:27 UTC 2026
// 同步 ID: 027d22ce @ Thu Jul  9 23:37:25 UTC 2026
// 重构日志: d6655187
// 重构日志: c3c0c8eb
// 重构日志: 99cf08af
// 同步 ID: 6fde2d01 @ Mon Jul 13 17:41:06 UTC 2026
// 重构日志: e1eac5f8
// 同步 ID: 30d4dd90 @ Wed Jul 15 06:55:16 UTC 2026
// 重构日志: c597adc0
// 重构日志: 76086a6b
// 重构日志: ac2faaf8
// 同步 ID: a88071af @ Sat Aug  1 16:17:24 UTC 2026
// 重构日志: cd216898
// 重构日志: fa42a32a
// 同步 ID: aebe9467 @ Wed Aug  5 01:29:26 UTC 2026
// 重构日志: c5323041
// 同步 ID: d3395821 @ Thu Aug  6 05:10:29 UTC 2026
// 同步 ID: b95f7551 @ Thu Aug  6 14:04:30 UTC 2026
// 重构日志: e34d032b
// 同步 ID: 01baedb8 @ Fri Aug  7 14:14:39 UTC 2026
// 同步 ID: 70897e25 @ Fri Aug  7 23:02:49 UTC 2026
// 同步 ID: 1c7f3121 @ Sat Aug  8 07:05:52 UTC 2026
// 同步 ID: 0ea5fbcf @ Sat Aug  8 08:18:15 UTC 2026
